<?xml version="1.0" encoding="UTF-8"?>
<testsuites name="Mocha Tests" time="79.78999999999999" tests="7" failures="0">
  <testsuite name="Root Suite" timestamp="2017-06-26T16:03:54" tests="0" failures="0" time="0">
  </testsuite>
  <testsuite name="Testing HR Chatbot" timestamp="2017-06-26T16:03:54" tests="0" file="/Users/jyang/Vonage/HRChatBotTesting_Github/test.js" failures="0" time="0">
  </testsuite>
  <testsuite name="Testing &apos;Get Started&apos;" timestamp="2017-06-26T16:04:15" tests="1" file="/Users/jyang/Vonage/HRChatBotTesting_Github/test.js" failures="0" time="11.844">
    <testcase name="Testing HR Chatbot Testing &apos;Get Started&apos; Recive two text messages and one image message within 9 seconds in order" time="11.844" classname="Recive two text messages and one image message within 9 seconds in order">
    </testcase>
  </testsuite>
  <testsuite name="Testing route: &quot;Explore Vonage&quot; -&gt; &quot;Our Culture&quot; -&gt; &quot;Our Values&quot; -&gt; &quot;Join Our Team&quot;" timestamp="2017-06-26T16:04:26" tests="6" file="/Users/jyang/Vonage/HRChatBotTesting_Github/test.js" failures="0" time="67.946">
    <testcase name="Testing HR Chatbot Testing route: &quot;Explore Vonage&quot; -&gt; &quot;Our Culture&quot; -&gt; &quot;Our Values&quot; -&gt; &quot;Join Our Team&quot; &quot;Explore Vonage&quot;: Recive three text messages and quick reply within 9 seconds in order" time="14.073" classname="&quot;Explore Vonage&quot;: Recive three text messages and quick reply within 9 seconds in order">
    </testcase>
    <testcase name="Testing HR Chatbot Testing route: &quot;Explore Vonage&quot; -&gt; &quot;Our Culture&quot; -&gt; &quot;Our Values&quot; -&gt; &quot;Join Our Team&quot; &quot;Our Cultue&quot;: Recive two text messages, one video message, and quick reply within 9 seconds in order" time="10.344" classname="&quot;Our Cultue&quot;: Recive two text messages, one video message, and quick reply within 9 seconds in order">
    </testcase>
    <testcase name="Testing HR Chatbot Testing route: &quot;Explore Vonage&quot; -&gt; &quot;Our Culture&quot; -&gt; &quot;Our Values&quot; -&gt; &quot;Join Our Team&quot; &quot;Our Values&quot;: Recive two text messages, one video message, and quick reply within 9 seconds in order" time="13.16" classname="&quot;Our Values&quot;: Recive two text messages, one video message, and quick reply within 9 seconds in order">
    </testcase>
    <testcase name="Testing HR Chatbot Testing route: &quot;Explore Vonage&quot; -&gt; &quot;Our Culture&quot; -&gt; &quot;Our Values&quot; -&gt; &quot;Join Our Team&quot; &quot;Join Our Team&quot;: Recive three text messages, one image message, and quick reply within 9 seconds in order" time="14.496" classname="&quot;Join Our Team&quot;: Recive three text messages, one image message, and quick reply within 9 seconds in order">
    </testcase>
    <testcase name="Testing HR Chatbot Testing route: &quot;Explore Vonage&quot; -&gt; &quot;Our Culture&quot; -&gt; &quot;Our Values&quot; -&gt; &quot;Join Our Team&quot; &quot;Choose Location&quot;: Recive one text messages and quick reply within 9 seconds in order" time="6.438" classname="&quot;Choose Location&quot;: Recive one text messages and quick reply within 9 seconds in order">
    </testcase>
    <testcase name="Testing HR Chatbot Testing route: &quot;Explore Vonage&quot; -&gt; &quot;Our Culture&quot; -&gt; &quot;Our Values&quot; -&gt; &quot;Join Our Team&quot; &quot;Choose Job Type&quot;: Recive one text messages, one carousel, and quick reply within 9 seconds in order" time="9.435" classname="&quot;Choose Job Type&quot;: Recive one text messages, one carousel, and quick reply within 9 seconds in order">
    </testcase>
  </testsuite>
</testsuites>